src/app/management/page.tsx(82,46): error TS7006: Parameter 't' implicitly has an 'any' type.
src/app/management/page.tsx(145,42): error TS7006: Parameter 'c' implicitly has an 'any' type.
